// Jest Snapshot v1, https://goo.gl/fbAQLP

exports[`renders Vouchers component 1`] = `
<div>
  <div
    class="transition-1 overflow-y-auto p-4 h-full w-full sm:px-4"
    id="page-skeleton"
  >
    <div
      class="grid grid-cols-1 gap-4 mb-4"
    >
      <div
        class="w-full"
      >
        <div
          class="grid cards grid-cols-1 gap-2 md:grid-cols-2 md:gap-6 xl:grid-cols-5 2xl:gap-7.5 p-[23px]"
        >
          <div
            class="border-[#180a0a07] border-[0.2px] shadow-md sm:grid-cols-2 items-left rounded-md dark:bg-[#182644] bg-white p-[20px]"
          >
            <div
              class="flex flex-row items-center justify-center h-full space-x-5 animate-pulse dark:bg-[#182644] bg-white"
            >
              <div
                class="flex-shrink-0 w-12 h-12 rounded-full dark:bg-gray-700 bg-gray-300"
              />
              <div
                class="flex flex-col space-y-3"
              >
                <div
                  class="w-16 h-4 bg-gray-300 rounded-md "
                />
                <div
                  class="w-24 h-4 bg-gray-300 rounded-md "
                />
                <div
                  class="w-36 h-4 bg-gray-300 rounded-md "
                />
              </div>
            </div>
          </div>
          <div
            class="border-[#180a0a07] border-[0.2px] shadow-md sm:grid-cols-2 items-left rounded-md dark:bg-[#182644] bg-white p-[20px]"
          >
            <div
              class="flex flex-row items-center justify-center h-full space-x-5 animate-pulse dark:bg-[#182644] bg-white"
            >
              <div
                class="flex-shrink-0 w-12 h-12 rounded-full dark:bg-gray-700 bg-gray-300"
              />
              <div
                class="flex flex-col space-y-3"
              >
                <div
                  class="w-16 h-4 bg-gray-300 rounded-md "
                />
                <div
                  class="w-24 h-4 bg-gray-300 rounded-md "
                />
                <div
                  class="w-36 h-4 bg-gray-300 rounded-md "
                />
              </div>
            </div>
          </div>
          <div
            class="border-[#180a0a07] border-[0.2px] shadow-md sm:grid-cols-2 items-left rounded-md dark:bg-[#182644] bg-white p-[20px]"
          >
            <div
              class="flex flex-row items-center justify-center h-full space-x-5 animate-pulse dark:bg-[#182644] bg-white"
            >
              <div
                class="flex-shrink-0 w-12 h-12 rounded-full dark:bg-gray-700 bg-gray-300"
              />
              <div
                class="flex flex-col space-y-3"
              >
                <div
                  class="w-16 h-4 bg-gray-300 rounded-md "
                />
                <div
                  class="w-24 h-4 bg-gray-300 rounded-md "
                />
                <div
                  class="w-36 h-4 bg-gray-300 rounded-md "
                />
              </div>
            </div>
          </div>
          <div
            class="border-[#180a0a07] border-[0.2px] shadow-md sm:grid-cols-2 items-left rounded-md dark:bg-[#182644] bg-white p-[20px]"
          >
            <div
              class="flex flex-row items-center justify-center h-full space-x-5 animate-pulse dark:bg-[#182644] bg-white"
            >
              <div
                class="flex-shrink-0 w-12 h-12 rounded-full dark:bg-gray-700 bg-gray-300"
              />
              <div
                class="flex flex-col space-y-3"
              >
                <div
                  class="w-16 h-4 bg-gray-300 rounded-md "
                />
                <div
                  class="w-24 h-4 bg-gray-300 rounded-md "
                />
                <div
                  class="w-36 h-4 bg-gray-300 rounded-md "
                />
              </div>
            </div>
          </div>
          <div
            class="border-[#180a0a07] border-[0.2px] shadow-md sm:grid-cols-2 items-left rounded-md dark:bg-[#182644] bg-white p-[20px]"
          >
            <div
              class="flex flex-row items-center justify-center h-full space-x-5 animate-pulse dark:bg-[#182644] bg-white"
            >
              <div
                class="flex-shrink-0 w-12 h-12 rounded-full dark:bg-gray-700 bg-gray-300"
              />
              <div
                class="flex flex-col space-y-3"
              >
                <div
                  class="w-16 h-4 bg-gray-300 rounded-md "
                />
                <div
                  class="w-24 h-4 bg-gray-300 rounded-md "
                />
                <div
                  class="w-36 h-4 bg-gray-300 rounded-md "
                />
              </div>
            </div>
          </div>
          <div
            class="border-[#180a0a07] border-[0.2px] shadow-md sm:grid-cols-2 items-left rounded-md dark:bg-[#182644] bg-white p-[20px]"
          >
            <div
              class="flex flex-row items-center justify-center h-full space-x-5 animate-pulse dark:bg-[#182644] bg-white"
            >
              <div
                class="flex-shrink-0 w-12 h-12 rounded-full dark:bg-gray-700 bg-gray-300"
              />
              <div
                class="flex flex-col space-y-3"
              >
                <div
                  class="w-16 h-4 bg-gray-300 rounded-md "
                />
                <div
                  class="w-24 h-4 bg-gray-300 rounded-md "
                />
                <div
                  class="w-36 h-4 bg-gray-300 rounded-md "
                />
              </div>
            </div>
          </div>
        </div>
        <div
          class="transition-c-0.5"
        >
          <div
            class="rounded-2xl border-none bg-white transition-c-0.5 dark:bg-[#111827] no-scrollbar overflow-x-auto border-gray-300 dark:border-gray-700 shadow-md"
          >
            <div
              class="animate-pulse"
            >
              <div
                class="w-full h-12 bg-gray-300 dark:bg-gray-700"
              />
              <div
                class="overflow-x-auto"
              >
                <table
                  class="min-w-full divide-y divide-gray-300 dark:divide-gray-700"
                >
                  <thead
                    class="p-2"
                  >
                    <tr>
                      <th
                        class=""
                      >
                        <div
                          class="my-1 ml-1 w-3/4 h-4 bg-gray-300 dark:bg-gray-700"
                        />
                      </th>
                      <th
                        class=""
                      >
                        <div
                          class="my-1 ml-1 w-3/4 h-4 bg-gray-300 dark:bg-gray-700"
                        />
                      </th>
                      <th
                        class=""
                      >
                        <div
                          class="my-1 ml-1 w-3/4 h-4 bg-gray-300 dark:bg-gray-700"
                        />
                      </th>
                      <th
                        class=""
                      >
                        <div
                          class="my-1 ml-1 w-3/4 h-4 bg-gray-300 dark:bg-gray-700"
                        />
                      </th>
                      <th
                        class=""
                      >
                        <div
                          class="my-1 ml-1 w-3/4 h-4 bg-gray-300 dark:bg-gray-700"
                        />
                      </th>
                      <th
                        class=""
                      >
                        <div
                          class="my-1 ml-1 w-3/4 h-4 bg-gray-300 dark:bg-gray-700"
                        />
                      </th>
                    </tr>
                  </thead>
                  <tbody
                    class="bg-white dark:dark:bg-[#111827] divide-y divide-gray-300 dark:divide-gray-700"
                  >
                    <tr>
                      <td
                        class="py-4 px-4"
                      >
                        <div
                          class="w-3/4 h-4 bg-gray-300 dark:bg-gray-700"
                        />
                      </td>
                      <td
                        class="py-4 px-4"
                      >
                        <div
                          class="w-3/4 h-4 bg-gray-300 dark:bg-gray-700"
                        />
                      </td>
                      <td
                        class="py-4 px-4"
                      >
                        <div
                          class="w-3/4 h-4 bg-gray-300 dark:bg-gray-700"
                        />
                      </td>
                      <td
                        class="py-4 px-4"
                      >
                        <div
                          class="w-3/4 h-4 bg-gray-300 dark:bg-gray-700"
                        />
                      </td>
                      <td
                        class="py-4 px-4"
                      >
                        <div
                          class="w-3/4 h-4 bg-gray-300 dark:bg-gray-700"
                        />
                      </td>
                      <td
                        class="py-4 px-4"
                      >
                        <div
                          class="w-3/4 h-4 bg-gray-300 dark:bg-gray-700"
                        />
                      </td>
                    </tr>
                    <tr>
                      <td
                        class="py-4 px-4"
                      >
                        <div
                          class="w-3/4 h-4 bg-gray-300 dark:bg-gray-700"
                        />
                      </td>
                      <td
                        class="py-4 px-4"
                      >
                        <div
                          class="w-3/4 h-4 bg-gray-300 dark:bg-gray-700"
                        />
                      </td>
                      <td
                        class="py-4 px-4"
                      >
                        <div
                          class="w-3/4 h-4 bg-gray-300 dark:bg-gray-700"
                        />
                      </td>
                      <td
                        class="py-4 px-4"
                      >
                        <div
                          class="w-3/4 h-4 bg-gray-300 dark:bg-gray-700"
                        />
                      </td>
                      <td
                        class="py-4 px-4"
                      >
                        <div
                          class="w-3/4 h-4 bg-gray-300 dark:bg-gray-700"
                        />
                      </td>
                      <td
                        class="py-4 px-4"
                      >
                        <div
                          class="w-3/4 h-4 bg-gray-300 dark:bg-gray-700"
                        />
                      </td>
                    </tr>
                    <tr>
                      <td
                        class="py-4 px-4"
                      >
                        <div
                          class="w-3/4 h-4 bg-gray-300 dark:bg-gray-700"
                        />
                      </td>
                      <td
                        class="py-4 px-4"
                      >
                        <div
                          class="w-3/4 h-4 bg-gray-300 dark:bg-gray-700"
                        />
                      </td>
                      <td
                        class="py-4 px-4"
                      >
                        <div
                          class="w-3/4 h-4 bg-gray-300 dark:bg-gray-700"
                        />
                      </td>
                      <td
                        class="py-4 px-4"
                      >
                        <div
                          class="w-3/4 h-4 bg-gray-300 dark:bg-gray-700"
                        />
                      </td>
                      <td
                        class="py-4 px-4"
                      >
                        <div
                          class="w-3/4 h-4 bg-gray-300 dark:bg-gray-700"
                        />
                      </td>
                      <td
                        class="py-4 px-4"
                      >
                        <div
                          class="w-3/4 h-4 bg-gray-300 dark:bg-gray-700"
                        />
                      </td>
                    </tr>
                    <tr>
                      <td
                        class="py-4 px-4"
                      >
                        <div
                          class="w-3/4 h-4 bg-gray-300 dark:bg-gray-700"
                        />
                      </td>
                      <td
                        class="py-4 px-4"
                      >
                        <div
                          class="w-3/4 h-4 bg-gray-300 dark:bg-gray-700"
                        />
                      </td>
                      <td
                        class="py-4 px-4"
                      >
                        <div
                          class="w-3/4 h-4 bg-gray-300 dark:bg-gray-700"
                        />
                      </td>
                      <td
                        class="py-4 px-4"
                      >
                        <div
                          class="w-3/4 h-4 bg-gray-300 dark:bg-gray-700"
                        />
                      </td>
                      <td
                        class="py-4 px-4"
                      >
                        <div
                          class="w-3/4 h-4 bg-gray-300 dark:bg-gray-700"
                        />
                      </td>
                      <td
                        class="py-4 px-4"
                      >
                        <div
                          class="w-3/4 h-4 bg-gray-300 dark:bg-gray-700"
                        />
                      </td>
                    </tr>
                    <tr>
                      <td
                        class="py-4 px-4"
                      >
                        <div
                          class="w-3/4 h-4 bg-gray-300 dark:bg-gray-700"
                        />
                      </td>
                      <td
                        class="py-4 px-4"
                      >
                        <div
                          class="w-3/4 h-4 bg-gray-300 dark:bg-gray-700"
                        />
                      </td>
                      <td
                        class="py-4 px-4"
                      >
                        <div
                          class="w-3/4 h-4 bg-gray-300 dark:bg-gray-700"
                        />
                      </td>
                      <td
                        class="py-4 px-4"
                      >
                        <div
                          class="w-3/4 h-4 bg-gray-300 dark:bg-gray-700"
                        />
                      </td>
                      <td
                        class="py-4 px-4"
                      >
                        <div
                          class="w-3/4 h-4 bg-gray-300 dark:bg-gray-700"
                        />
                      </td>
                      <td
                        class="py-4 px-4"
                      >
                        <div
                          class="w-3/4 h-4 bg-gray-300 dark:bg-gray-700"
                        />
                      </td>
                    </tr>
                    <tr>
                      <td
                        class="py-4 px-4"
                      >
                        <div
                          class="w-3/4 h-4 bg-gray-300 dark:bg-gray-700"
                        />
                      </td>
                      <td
                        class="py-4 px-4"
                      >
                        <div
                          class="w-3/4 h-4 bg-gray-300 dark:bg-gray-700"
                        />
                      </td>
                      <td
                        class="py-4 px-4"
                      >
                        <div
                          class="w-3/4 h-4 bg-gray-300 dark:bg-gray-700"
                        />
                      </td>
                      <td
                        class="py-4 px-4"
                      >
                        <div
                          class="w-3/4 h-4 bg-gray-300 dark:bg-gray-700"
                        />
                      </td>
                      <td
                        class="py-4 px-4"
                      >
                        <div
                          class="w-3/4 h-4 bg-gray-300 dark:bg-gray-700"
                        />
                      </td>
                      <td
                        class="py-4 px-4"
                      >
                        <div
                          class="w-3/4 h-4 bg-gray-300 dark:bg-gray-700"
                        />
                      </td>
                    </tr>
                    <tr>
                      <td
                        class="py-4 px-4"
                      >
                        <div
                          class="w-3/4 h-4 bg-gray-300 dark:bg-gray-700"
                        />
                      </td>
                      <td
                        class="py-4 px-4"
                      >
                        <div
                          class="w-3/4 h-4 bg-gray-300 dark:bg-gray-700"
                        />
                      </td>
                      <td
                        class="py-4 px-4"
                      >
                        <div
                          class="w-3/4 h-4 bg-gray-300 dark:bg-gray-700"
                        />
                      </td>
                      <td
                        class="py-4 px-4"
                      >
                        <div
                          class="w-3/4 h-4 bg-gray-300 dark:bg-gray-700"
                        />
                      </td>
                      <td
                        class="py-4 px-4"
                      >
                        <div
                          class="w-3/4 h-4 bg-gray-300 dark:bg-gray-700"
                        />
                      </td>
                      <td
                        class="py-4 px-4"
                      >
                        <div
                          class="w-3/4 h-4 bg-gray-300 dark:bg-gray-700"
                        />
                      </td>
                    </tr>
                    <tr>
                      <td
                        class="py-4 px-4"
                      >
                        <div
                          class="w-3/4 h-4 bg-gray-300 dark:bg-gray-700"
                        />
                      </td>
                      <td
                        class="py-4 px-4"
                      >
                        <div
                          class="w-3/4 h-4 bg-gray-300 dark:bg-gray-700"
                        />
                      </td>
                      <td
                        class="py-4 px-4"
                      >
                        <div
                          class="w-3/4 h-4 bg-gray-300 dark:bg-gray-700"
                        />
                      </td>
                      <td
                        class="py-4 px-4"
                      >
                        <div
                          class="w-3/4 h-4 bg-gray-300 dark:bg-gray-700"
                        />
                      </td>
                      <td
                        class="py-4 px-4"
                      >
                        <div
                          class="w-3/4 h-4 bg-gray-300 dark:bg-gray-700"
                        />
                      </td>
                      <td
                        class="py-4 px-4"
                      >
                        <div
                          class="w-3/4 h-4 bg-gray-300 dark:bg-gray-700"
                        />
                      </td>
                    </tr>
                    <tr>
                      <td
                        class="py-4 px-4"
                      >
                        <div
                          class="w-3/4 h-4 bg-gray-300 dark:bg-gray-700"
                        />
                      </td>
                      <td
                        class="py-4 px-4"
                      >
                        <div
                          class="w-3/4 h-4 bg-gray-300 dark:bg-gray-700"
                        />
                      </td>
                      <td
                        class="py-4 px-4"
                      >
                        <div
                          class="w-3/4 h-4 bg-gray-300 dark:bg-gray-700"
                        />
                      </td>
                      <td
                        class="py-4 px-4"
                      >
                        <div
                          class="w-3/4 h-4 bg-gray-300 dark:bg-gray-700"
                        />
                      </td>
                      <td
                        class="py-4 px-4"
                      >
                        <div
                          class="w-3/4 h-4 bg-gray-300 dark:bg-gray-700"
                        />
                      </td>
                      <td
                        class="py-4 px-4"
                      >
                        <div
                          class="w-3/4 h-4 bg-gray-300 dark:bg-gray-700"
                        />
                      </td>
                    </tr>
                    <tr>
                      <td
                        class="py-4 px-4"
                      >
                        <div
                          class="w-3/4 h-4 bg-gray-300 dark:bg-gray-700"
                        />
                      </td>
                      <td
                        class="py-4 px-4"
                      >
                        <div
                          class="w-3/4 h-4 bg-gray-300 dark:bg-gray-700"
                        />
                      </td>
                      <td
                        class="py-4 px-4"
                      >
                        <div
                          class="w-3/4 h-4 bg-gray-300 dark:bg-gray-700"
                        />
                      </td>
                      <td
                        class="py-4 px-4"
                      >
                        <div
                          class="w-3/4 h-4 bg-gray-300 dark:bg-gray-700"
                        />
                      </td>
                      <td
                        class="py-4 px-4"
                      >
                        <div
                          class="w-3/4 h-4 bg-gray-300 dark:bg-gray-700"
                        />
                      </td>
                      <td
                        class="py-4 px-4"
                      >
                        <div
                          class="w-3/4 h-4 bg-gray-300 dark:bg-gray-700"
                        />
                      </td>
                    </tr>
                  </tbody>
                </table>
              </div>
            </div>
          </div>
        </div>
      </div>
    </div>
  </div>
  )
</div>
`;
