// Jest Snapshot v1, https://goo.gl/fbAQLP

exports[`renders Providers component 1`] = `<div />`;
