// Jest Snapshot v1, https://goo.gl/fbAQLP

exports[`TableSkeleton Component renders the correct number of skeleton cards 1`] = `NodeList []`;
